// Jest Snapshot v1, https://goo.gl/fbAQLP

exports[`App 1`] = `
<div>
  <div
    className="hello"
  >
    <span>
      Hello webpack!
    </span>
  </div>
  <div
    className="description"
  >
    <span>
      Boilerplate for a Webpack and React
    </span>
  </div>
  <div
    className="image-insert"
  >
    <img
      alt=""
      src="./assets/images/test-image.gif"
    />
  </div>
</div>
`;
